Task start deno run --allow-all --env-file src/init.ts
Warning experimentalDecorators compiler option is deprecated and may be removed at any time
{"level":30,"time":1779303786856,"pid":8207,"hostname":"MacBook-Air-pawel.local","name":"ConfigService","msg":"Searching for config file at /Users/pawel/repos/mgr/rookie/conf/config.json"}
{"level":30,"time":1779303786856,"pid":8207,"hostname":"MacBook-Air-pawel.local","name":"ConfigService","msg":"Configuration loaded from conf/config.json"}
{"level":30,"time":1779303786886,"pid":8207,"hostname":"MacBook-Air-pawel.local","name":"MigrationManager","msg":"Migration Migration001Scheme has already been applied."}
{"level":30,"time":1779303786886,"pid":8207,"hostname":"MacBook-Air-pawel.local","name":"MigrationManager","msg":"All migrations completed"}
{"level":30,"time":1779303786887,"pid":8207,"hostname":"MacBook-Air-pawel.local","name":"App","msg":"Registered controller: /projects (8 routes)"}
{"level":30,"time":1779303786887,"pid":8207,"hostname":"MacBook-Air-pawel.local","name":"App","msg":"Registered controller: /files (6 routes)"}
{"level":30,"time":1779303786887,"pid":8207,"hostname":"MacBook-Air-pawel.local","name":"App","msg":"Registered controller: /reports (3 routes)"}
{"level":30,"time":1779303786887,"pid":8207,"hostname":"MacBook-Air-pawel.local","name":"App","msg":"Registered controller: /testsuites (7 routes)"}
{"level":30,"time":1779303786887,"pid":8207,"hostname":"MacBook-Air-pawel.local","name":"App","msg":"Registered controller: /planner (1 route)"}
{"level":30,"time":1779303786887,"pid":8207,"hostname":"MacBook-Air-pawel.local","name":"App","msg":"Listening on http://localhost:3000/"}
{"level":30,"time":1779303798292,"pid":8207,"hostname":"MacBook-Air-pawel.local","name":"App","msg":"<-- POST /planner/run"}
{"level":30,"time":1779303798312,"pid":8207,"hostname":"MacBook-Air-pawel.local","name":"PromptService","msg":"Generating user goals from documentation..."}
{"level":30,"time":1779303806621,"pid":8207,"hostname":"MacBook-Air-pawel.local","name":"PromptService","msg":"Starting Agentic RAG for goal: \"Validate incoming JSON request bodies against a JSON Schema using Ajv.compile, and return structured validation errors from validate.errors.\""}
{"level":30,"time":1779303806621,"pid":8207,"hostname":"MacBook-Air-pawel.local","name":"PromptService","msg":"Validate incoming JSON request bodies against a JSON Schema using Ajv.compile, and return structured validation errors from validate.errors."}
{"level":30,"time":1779303808655,"pid":8207,"hostname":"MacBook-Air-pawel.local","name":"PromptService","msg":"Agentic RAG Research Iteration 1..."}
{"level":30,"time":1779303808656,"pid":8207,"hostname":"MacBook-Air-pawel.local","name":"PromptService","msg":"Agentic RAG Research estimated context: ~8354 tokens (33416 chars, 2 messages)"}
{"level":30,"time":1779303815505,"pid":8207,"hostname":"MacBook-Air-pawel.local","name":"PromptService","msg":"ajv validate errors property validate.errors Ajv compile usage errorsText validate.errors example"}
{"level":30,"time":1779303816250,"pid":8207,"hostname":"MacBook-Air-pawel.local","name":"PromptService","msg":"Ajv options allErrors allErrors required validate.errors overwritten concurrent validations documentation"}
{"level":30,"time":1779303816373,"pid":8207,"hostname":"MacBook-Air-pawel.local","name":"PromptService","msg":"Ajv constructor new Ajv(options) allErrors documentation validate.errors"}
{"level":30,"time":1779303816490,"pid":8207,"hostname":"MacBook-Air-pawel.local","name":"PromptService","msg":"Ajv addSchema validate(schemaOrRef,data) validate.errors usage API reference validateSchema getSchema"}
{"level":30,"time":1779303816609,"pid":8207,"hostname":"MacBook-Air-pawel.local","name":"PromptService","msg":"Agentic RAG Research Iteration 2..."}
{"level":30,"time":1779303816609,"pid":8207,"hostname":"MacBook-Air-pawel.local","name":"PromptService","msg":"Agentic RAG Research estimated context: ~38976 tokens (155902 chars, 7 messages)"}
{"level":30,"time":1779303824741,"pid":8207,"hostname":"MacBook-Air-pawel.local","name":"PromptService","msg":"Agentic RAG Verification Phase (Smoke Testing)..."}
{"level":30,"time":1779303824741,"pid":8207,"hostname":"MacBook-Air-pawel.local","name":"PromptService","msg":"Verification Iteration 1..."}
{"level":30,"time":1779303824741,"pid":8207,"hostname":"MacBook-Air-pawel.local","name":"PromptService","msg":"Verification estimated context: ~13135 tokens (52537 chars, 2 messages)"}
{"level":30,"time":1779303828291,"pid":8207,"hostname":"MacBook-Air-pawel.local","name":"PromptService","msg":"Verification Agent Thoughts: Plan (Example 1):\n- Aspect: Validate JSON request bodies using `Ajv.compile` and read structured errors from `validate.errors`.\n- Library calls: `new Ajv(options)`, `ajv.compile(schema)`, then call `validate(data)` and use `validate.errors`.\n- Expected: For invalid data, `validate(data)` returns `false` and `validate.errors` contains an array of error objects (option `allErrors: true` collects all errors). Then we print the structured errors.\n\nNow I’ll write a standalone Node.js (ESM) program and run it."}
{"level":30,"time":1779303830285,"pid":8207,"hostname":"MacBook-Air-pawel.local","name":"PromptService","msg":"Verification Iteration 2..."}
{"level":30,"time":1779303830285,"pid":8207,"hostname":"MacBook-Air-pawel.local","name":"PromptService","msg":"Verification estimated context: ~13863 tokens (55449 chars, 4 messages)"}
{"level":30,"time":1779303831990,"pid":8207,"hostname":"MacBook-Air-pawel.local","name":"PromptService","msg":"Verification Agent Thoughts: MISSING DOCS/ENV GAP: “ajv” package is not installed in this Node.js container (ERR_MODULE_NOT_FOUND: Cannot find package 'ajv').\nI can’t verify Ajv code without the real library present. I’ll search for what package is available (e.g., maybe preinstalled as @ajv/ajv or similar)."}
{"level":30,"time":1779303831990,"pid":8207,"hostname":"MacBook-Air-pawel.local","name":"PromptService","msg":"preinstalled Ajv package name in this environment"}
{"level":30,"time":1779303832122,"pid":8207,"hostname":"MacBook-Air-pawel.local","name":"PromptService","msg":"Verification Iteration 3..."}
{"level":30,"time":1779303832122,"pid":8207,"hostname":"MacBook-Air-pawel.local","name":"PromptService","msg":"Verification estimated context: ~21396 tokens (85583 chars, 6 messages)"}
{"level":30,"time":1779303833278,"pid":8207,"hostname":"MacBook-Air-pawel.local","name":"PromptService","msg":"Agentic RAG Generation Phase..."}
{"level":30,"time":1779303837657,"pid":8207,"hostname":"MacBook-Air-pawel.local","name":"Executor","msg":"Executing generated example 1: Ajv JSON Schema validation with structured errors (validate.errors)"}
{"level":30,"time":1779303843599,"pid":8207,"hostname":"MacBook-Air-pawel.local","name":"PromptService","msg":"Starting Agentic RAG for goal: \"Implement fast request/response validation in TypeScript with compile-generated validation functions as type guards (data is narrowed to the expected interface after validate(data) === true).\""}
{"level":30,"time":1779303843599,"pid":8207,"hostname":"MacBook-Air-pawel.local","name":"PromptService","msg":"Implement fast request/response validation in TypeScript with compile-generated validation functions as type guards (data is narrowed to the expected interface after validate(data) === true)."}
{"level":30,"time":1779303843723,"pid":8207,"hostname":"MacBook-Air-pawel.local","name":"PromptService","msg":"Agentic RAG Research Iteration 1..."}
{"level":30,"time":1779303843723,"pid":8207,"hostname":"MacBook-Air-pawel.local","name":"PromptService","msg":"Agentic RAG Research estimated context: ~6511 tokens (26044 chars, 2 messages)"}
{"level":30,"time":1779303846383,"pid":8207,"hostname":"MacBook-Air-pawel.local","name":"PromptService","msg":"Ajv TypeScript compile<T>(schema) returns type guard validate extends (data:any)=> data is T documentation"}
{"level":30,"time":1779303846510,"pid":8207,"hostname":"MacBook-Air-pawel.local","name":"PromptService","msg":"ajv compileSerializer compileParser JTD instance of Ajv import from ajv/dist/jtd compileSerializer compileParser types"}
{"level":30,"time":1779303846610,"pid":8207,"hostname":"MacBook-Air-pawel.local","name":"PromptService","msg":"Ajv options coerceTypes useDefaults removeAdditional TypeScript new Ajv({useDefaults:true, coerceTypes:true}) documentation"}
{"level":30,"time":1779303846709,"pid":8207,"hostname":"MacBook-Air-pawel.local","name":"PromptService","msg":"Ajv.ValidationError errorsText import documentation"}
{"level":30,"time":1779303846826,"pid":8207,"hostname":"MacBook-Air-pawel.local","name":"PromptService","msg":"ajv guide choosing schema language JSONSchemaType JTDSchemaType JSONSchemaType example import from ajv"}
{"level":30,"time":1779303846954,"pid":8207,"hostname":"MacBook-Air-pawel.local","name":"PromptService","msg":"Agentic RAG Research Iteration 2..."}
{"level":30,"time":1779303846954,"pid":8207,"hostname":"MacBook-Air-pawel.local","name":"PromptService","msg":"Agentic RAG Research estimated context: ~47002 tokens (188008 chars, 8 messages)"}
{"level":30,"time":1779303857080,"pid":8207,"hostname":"MacBook-Air-pawel.local","name":"PromptService","msg":"Agentic RAG Verification Phase (Smoke Testing)..."}
{"level":30,"time":1779303857081,"pid":8207,"hostname":"MacBook-Air-pawel.local","name":"PromptService","msg":"Verification Iteration 1..."}
{"level":30,"time":1779303857081,"pid":8207,"hostname":"MacBook-Air-pawel.local","name":"PromptService","msg":"Verification estimated context: ~13147 tokens (52588 chars, 2 messages)"}
{"level":30,"time":1779303861556,"pid":8207,"hostname":"MacBook-Air-pawel.local","name":"PromptService","msg":"Verification Agent Thoughts: Plan:\n- This example covers end-to-end “request/response validation” using Ajv’s compiled validator as a TypeScript type guard.\n- We will import Ajv, create an Ajv instance, define a JSON Schema, compile it with `ajv.compile<T>(schema)`, then call the compiled `validate(data)` on an inbound “request” object and only use the typed fields after `validate(data) === true`.\n- We will also show error reporting via `validate.errors` as in the TypeScript guide.\n\nNow I’ll write a standalone TypeScript program and run it."}
{"level":30,"time":1779303862283,"pid":8207,"hostname":"MacBook-Air-pawel.local","name":"PromptService","msg":"Verification Iteration 2..."}
{"level":30,"time":1779303862283,"pid":8207,"hostname":"MacBook-Air-pawel.local","name":"PromptService","msg":"Verification estimated context: ~13896 tokens (55582 chars, 4 messages)"}
{"level":30,"time":1779303866161,"pid":8207,"hostname":"MacBook-Air-pawel.local","name":"PromptService","msg":"Verification Agent Thoughts: The failure is because the container ran the code as plain JavaScript (so TypeScript `interface` caused a syntax error).\nFix: use a `.js`-compatible file (still TypeScript semantics via JSDoc) and keep the runtime validation portion identical. We’ll still demonstrate narrowing by using Ajv’s `compile<T>` typing only at type level, but at runtime it’s still JS. Since we must have happy paths and real Ajv calls, we’ll avoid TS-only syntax and use plain JS objects.\n\nMISSING DOCS: TypeScript execution environment details (whether the runner compiles TS). We'll write code that is valid JS in the runner."}
{"level":30,"time":1779303866831,"pid":8207,"hostname":"MacBook-Air-pawel.local","name":"PromptService","msg":"Verification Iteration 3..."}
{"level":30,"time":1779303866831,"pid":8207,"hostname":"MacBook-Air-pawel.local","name":"PromptService","msg":"Verification estimated context: ~14762 tokens (59046 chars, 6 messages)"}
{"level":30,"time":1779303868423,"pid":8207,"hostname":"MacBook-Air-pawel.local","name":"PromptService","msg":"Verification Agent Thoughts: We can’t import `ajv` in this environment (package not installed), so we can’t run “real library from documentation” code here.\nNext step: search the knowledge base for the correct import path/package name available in the container (e.g., `ajv/dist/2020` or a vendored path)."}
{"level":30,"time":1779303868423,"pid":8207,"hostname":"MacBook-Air-pawel.local","name":"PromptService","msg":"container import path for ajv package in node esm"}
{"level":30,"time":1779303868564,"pid":8207,"hostname":"MacBook-Air-pawel.local","name":"PromptService","msg":"Verification Iteration 4..."}
{"level":30,"time":1779303868564,"pid":8207,"hostname":"MacBook-Air-pawel.local","name":"PromptService","msg":"Verification estimated context: ~23009 tokens (92033 chars, 8 messages)"}
{"level":30,"time":1779303872726,"pid":8207,"hostname":"MacBook-Air-pawel.local","name":"PromptService","msg":"Verification Agent Thoughts: I can’t complete this verification in the current execution container because the runtime environment does **not have the real `ajv` package installed**—attempting to import it fails with:\n\n- `Error [ERR_MODULE_NOT_FOUND]: Cannot find package 'ajv' imported from /eval/run.js`\n\nThat means I’m unable to run any “real library” code to prove the behavior (`ajv.compile(...)` returning the compiled validator, and its `validate(data) === true` narrowing).\n\n**Documentation gap / environment mismatch:** `MISSING DOCS: runtime availability of the 'ajv' npm package (and correct import path) in the Node.js container.`\n\nIf you can provide one of the following, I can produce and run 3–5 working, tested TypeScript examples immediately:\n1. Confirm `ajv` is installed in the container (or installable), or\n2. Provide the exact available import path/package name in this environment, or\n3. Enable a TS runner (so I can run true `.ts` files with `interface` and compile-time narro... [TRUNCATED]"}
{"level":30,"time":1779303872726,"pid":8207,"hostname":"MacBook-Air-pawel.local","name":"PromptService","msg":"Verification Iteration 5..."}
{"level":30,"time":1779303872726,"pid":8207,"hostname":"MacBook-Air-pawel.local","name":"PromptService","msg":"Verification estimated context: ~23330 tokens (93320 chars, 9 messages)"}
{"level":30,"time":1779303879298,"pid":8207,"hostname":"MacBook-Air-pawel.local","name":"App","msg":"<-- GET /projects"}
{"level":30,"time":1779303879300,"pid":8207,"hostname":"MacBook-Air-pawel.local","name":"App","msg":"<-- GET /projects"}
{"level":30,"time":1779303879334,"pid":8207,"hostname":"MacBook-Air-pawel.local","name":"App","msg":"--> GET /projects \u001b[32m200\u001b[0m 36ms"}
{"level":30,"time":1779303879334,"pid":8207,"hostname":"MacBook-Air-pawel.local","name":"App","msg":"--> GET /projects \u001b[32m200\u001b[0m 34ms"}
{"level":30,"time":1779303879472,"pid":8207,"hostname":"MacBook-Air-pawel.local","name":"PromptService","msg":"Verification Agent Thoughts: I can’t complete this verification in the current execution container because the runtime environment does **not have the real `ajv` package installed**—attempting to import it fails:\n\n- `Error [ERR_MODULE_NOT_FOUND]: Cannot find package 'ajv' imported from /eval/run.js`\n\nBecause of that, I’m unable to run any code that uses Ajv from the documentation to prove:\n- `ajv.compile<T>(schema)` returning a compiled validator/type guard\n- the inbound payload being narrowed after `validate(data) === true`.\n\n**MISSING DOCS / ENV GAP:** runtime availability + import path of the `ajv` package in this container (`MISSING DOCS: ajv package availability in execution environment`).\n\nIf you confirm one of the following, I’ll immediately produce 3–5 standalone, runnable examples and test them:\n1. `ajv` is installed (and tell me the exact import to use, e.g. `import Ajv from \"ajv\"` or a specific subpath), or\n2. the environment is meant to run TypeScript (so I can use `interfa... [TRUNCATED]"}
{"level":30,"time":1779303879472,"pid":8207,"hostname":"MacBook-Air-pawel.local","name":"PromptService","msg":"Agentic RAG Generation Phase..."}
{"level":30,"time":1779303882611,"pid":8207,"hostname":"MacBook-Air-pawel.local","name":"App","msg":"<-- POST /planner/run"}
{"level":30,"time":1779303882615,"pid":8207,"hostname":"MacBook-Air-pawel.local","name":"PromptService","msg":"Generating user goals from documentation..."}
{"level":30,"time":1779303886154,"pid":8207,"hostname":"MacBook-Air-pawel.local","name":"PromptService","msg":"Starting Agentic RAG for goal: \"Fetch a random single joke from one or multiple categories in JSON for use in an app widget\""}
{"level":30,"time":1779303886155,"pid":8207,"hostname":"MacBook-Air-pawel.local","name":"PromptService","msg":"Fetch a random single joke from one or multiple categories in JSON for use in an app widget"}
{"level":30,"time":1779303886329,"pid":8207,"hostname":"MacBook-Air-pawel.local","name":"PromptService","msg":"Agentic RAG Research Iteration 1..."}
{"level":30,"time":1779303886329,"pid":8207,"hostname":"MacBook-Air-pawel.local","name":"PromptService","msg":"Agentic RAG Research estimated context: ~8343 tokens (33371 chars, 2 messages)"}
{"level":30,"time":1779303887936,"pid":8207,"hostname":"MacBook-Air-pawel.local","name":"App","msg":"--> POST /planner/run \u001b[33m400\u001b[0m 90s"}
{"level":30,"time":1779303888952,"pid":8207,"hostname":"MacBook-Air-pawel.local","name":"PromptService","msg":"JokeAPI v2 endpoint fetch random single joke JSON default format parameter format=json or omit format usage"}
{"level":30,"time":1779303889143,"pid":8207,"hostname":"MacBook-Air-pawel.local","name":"PromptService","msg":"JokeAPI v2 joke endpoint response JSON single vs twopart structure fields error code message setup delivery joke flags id lang type"}
{"level":30,"time":1779303889258,"pid":8207,"hostname":"MacBook-Air-pawel.local","name":"PromptService","msg":"JokeAPI v2 rate limit and required headers for HTTP requests documentation"}
{"level":30,"time":1779303889412,"pid":8207,"hostname":"MacBook-Air-pawel.local","name":"PromptService","msg":"JokeAPI v2 amount parameter behavior type change when amount=1 response shape single joke"}
{"level":30,"time":1779303889665,"pid":8207,"hostname":"MacBook-Air-pawel.local","name":"PromptService","msg":"JokeAPI v2 info endpoint provides current version id range categories flags types formats json format value list"}
{"level":30,"time":1779303889801,"pid":8207,"hostname":"MacBook-Air-pawel.local","name":"PromptService","msg":"JokeAPI v2 formats list including json and format=txt xml yaml"}
{"level":30,"time":1779303889928,"pid":8207,"hostname":"MacBook-Air-pawel.local","name":"PromptService","msg":"Agentic RAG Research Iteration 2..."}
{"level":30,"time":1779303889928,"pid":8207,"hostname":"MacBook-Air-pawel.local","name":"PromptService","msg":"Agentic RAG Research estimated context: ~59772 tokens (239087 chars, 9 messages)"}
{"level":30,"time":1779303903631,"pid":8207,"hostname":"MacBook-Air-pawel.local","name":"PromptService","msg":"Agentic RAG Verification Phase (Smoke Testing)..."}
{"level":30,"time":1779303903631,"pid":8207,"hostname":"MacBook-Air-pawel.local","name":"PromptService","msg":"Verification Iteration 1..."}
{"level":30,"time":1779303903631,"pid":8207,"hostname":"MacBook-Air-pawel.local","name":"PromptService","msg":"Verification estimated context: ~13122 tokens (52488 chars, 2 messages)"}
{"level":30,"time":1779303911833,"pid":8207,"hostname":"MacBook-Air-pawel.local","name":"PromptService","msg":"Verification Agent Thoughts: Plan:\n- Fetch 1 random joke in JSON format from one or multiple categories.\n- Use the endpoint pattern `GET https://v2.jokeapi.dev/joke/{categories}?<params>` with `type=single`, and optional `amount` (we’ll keep `amount` omitted or set to 1).\n- Use query params shown in the docs: `format=json`, `blacklistFlags=...` and `lang=en` and `safe-mode` (optional).\nExpected result:\n- Program prints the returned joke text from the `joke` field when `type === \"single\"`, plus category/type metadata.\n\nNow I’ll write a Node.js ES module that calls JokeAPI and runs a happy-path request."}
{"level":30,"time":1779303912889,"pid":8207,"hostname":"MacBook-Air-pawel.local","name":"PromptService","msg":"Verification Iteration 2..."}
{"level":30,"time":1779303912889,"pid":8207,"hostname":"MacBook-Air-pawel.local","name":"PromptService","msg":"Verification estimated context: ~13542 tokens (54165 chars, 4 messages)"}
{"level":30,"time":1779303917958,"pid":8207,"hostname":"MacBook-Air-pawel.local","name":"PromptService","msg":"Verification Agent Thoughts: Now I’ll add 2 more verified examples: (1) choose single category, (2) fetch from multiple categories with amount=2 but still extract one single joke—however widget asks random single joke; we can fetch amount=1 or omit amount. I’ll just do different category sets while keeping `type=single`."}
{"level":30,"time":1779303919716,"pid":8207,"hostname":"MacBook-Air-pawel.local","name":"PromptService","msg":"Verification Iteration 3..."}
{"level":30,"time":1779303919716,"pid":8207,"hostname":"MacBook-Air-pawel.local","name":"PromptService","msg":"Verification estimated context: ~13996 tokens (55981 chars, 7 messages)"}
{"level":30,"time":1779303922665,"pid":8207,"hostname":"MacBook-Air-pawel.local","name":"PromptService","msg":"Verification Agent Thoughts: I’ll add one more example that uses category aliases by fetching via `/joke/Coding` as in docs, requesting JSON single joke for a widget."}
{"level":30,"time":1779303923516,"pid":8207,"hostname":"MacBook-Air-pawel.local","name":"PromptService","msg":"Verification Iteration 4..."}
{"level":30,"time":1779303923516,"pid":8207,"hostname":"MacBook-Air-pawel.local","name":"PromptService","msg":"Verification estimated context: ~14226 tokens (56901 chars, 9 messages)"}
{"level":30,"time":1779303924659,"pid":8207,"hostname":"MacBook-Air-pawel.local","name":"PromptService","msg":"Agentic RAG Generation Phase..."}
{"level":30,"time":1779303938985,"pid":8207,"hostname":"MacBook-Air-pawel.local","name":"Executor","msg":"Executing generated example 1: Fetch a random single joke (JSON) from multiple categories"}
{"level":30,"time":1779303939873,"pid":8207,"hostname":"MacBook-Air-pawel.local","name":"Executor","msg":"Executing generated example 2: Fetch a random single joke (JSON) from a single category"}
{"level":30,"time":1779303940651,"pid":8207,"hostname":"MacBook-Air-pawel.local","name":"Executor","msg":"Executing generated example 3: Fetch a random single joke (JSON) using a category alias (Coding → Programming)"}
{"level":30,"time":1779303941462,"pid":8207,"hostname":"MacBook-Air-pawel.local","name":"PromptService","msg":"Starting Agentic RAG for goal: \"Fetch a twopart joke (setup + delivery) so the UI can display the delivery after a delay\""}
{"level":30,"time":1779303941462,"pid":8207,"hostname":"MacBook-Air-pawel.local","name":"PromptService","msg":"Fetch a twopart joke (setup + delivery) so the UI can display the delivery after a delay"}
{"level":30,"time":1779303941601,"pid":8207,"hostname":"MacBook-Air-pawel.local","name":"PromptService","msg":"Agentic RAG Research Iteration 1..."}
{"level":30,"time":1779303941601,"pid":8207,"hostname":"MacBook-Air-pawel.local","name":"PromptService","msg":"Agentic RAG Research estimated context: ~8345 tokens (33378 chars, 2 messages)"}
{"level":30,"time":1779303944820,"pid":8207,"hostname":"MacBook-Air-pawel.local","name":"PromptService","msg":"JokeAPI v2 joke endpoint parameters type=twopart response JSON properties setup delivery type"}
{"level":30,"time":1779303944947,"pid":8207,"hostname":"MacBook-Air-pawel.local","name":"PromptService","msg":"JokeAPI v2 example twopart request URL format=json type=twopart amount"}
{"level":30,"time":1779303945059,"pid":8207,"hostname":"MacBook-Air-pawel.local","name":"PromptService","msg":"JokeAPI v2 response format for twopart single object fields category type setup delivery flags lang id"}
{"level":30,"time":1779303945166,"pid":8207,"hostname":"MacBook-Air-pawel.local","name":"PromptService","msg":"How to parse JokeAPI response when type==twopart setTimeout delivery example"}
{"level":30,"time":1779303945293,"pid":8207,"hostname":"MacBook-Air-pawel.local","name":"PromptService","msg":"Agentic RAG Research Iteration 2..."}
{"level":30,"time":1779303945293,"pid":8207,"hostname":"MacBook-Air-pawel.local","name":"PromptService","msg":"Agentic RAG Research estimated context: ~42625 tokens (170497 chars, 7 messages)"}
{"level":30,"time":1779303953680,"pid":8207,"hostname":"MacBook-Air-pawel.local","name":"PromptService","msg":"Agentic RAG Verification Phase (Smoke Testing)..."}
{"level":30,"time":1779303953680,"pid":8207,"hostname":"MacBook-Air-pawel.local","name":"PromptService","msg":"Verification Iteration 1..."}
{"level":30,"time":1779303953680,"pid":8207,"hostname":"MacBook-Air-pawel.local","name":"PromptService","msg":"Verification estimated context: ~13122 tokens (52485 chars, 2 messages)"}
{"level":30,"time":1779303957638,"pid":8207,"hostname":"MacBook-Air-pawel.local","name":"PromptService","msg":"Verification Agent Thoughts: Plan: This example will (1) fetch a twopart joke using the JokeAPI “GET /joke/<categories>” endpoint with `type=twopart` and JSON response (`format=json`), (2) parse the returned object and branch on `type` to read `setup` and `delivery`, and (3) print `setup` immediately and print `delivery` after a delay using `setTimeout(..., delayMs)`. Expected run result: the program logs the setup line right away, waits ~1000ms, then logs the delivery line. I will call the endpoint via `fetch` to `https://v2.jokeapi.dev/joke/Any?...`."}
{"level":30,"time":1779303959521,"pid":8207,"hostname":"MacBook-Air-pawel.local","name":"PromptService","msg":"Verification Iteration 2..."}
{"level":30,"time":1779303959521,"pid":8207,"hostname":"MacBook-Air-pawel.local","name":"PromptService","msg":"Verification estimated context: ~13424 tokens (53696 chars, 4 messages)"}
{"level":30,"time":1779303968763,"pid":8207,"hostname":"MacBook-Air-pawel.local","name":"PromptService","msg":"Verification Iteration 3..."}
{"level":30,"time":1779303968763,"pid":8207,"hostname":"MacBook-Air-pawel.local","name":"PromptService","msg":"Verification estimated context: ~13628 tokens (54511 chars, 6 messages)"}
{"level":30,"time":1779303969839,"pid":8207,"hostname":"MacBook-Air-pawel.local","name":"PromptService","msg":"Agentic RAG Generation Phase..."}
{"level":30,"time":1779303975447,"pid":8207,"hostname":"MacBook-Air-pawel.local","name":"Executor","msg":"Executing generated example 1: Fetch and display a twopart JokeAPI joke with delayed delivery"}
{"level":30,"time":1779303977105,"pid":8207,"hostname":"MacBook-Air-pawel.local","name":"PromptService","msg":"Starting Agentic RAG for goal: \"Implement content safety by blacklisting specific flags (e.g., nsfw, racist, sexist, explicit) at request time\""}
{"level":30,"time":1779303977106,"pid":8207,"hostname":"MacBook-Air-pawel.local","name":"PromptService","msg":"Implement content safety by blacklisting specific flags (e.g., nsfw, racist, sexist, explicit) at request time"}
{"level":30,"time":1779303977270,"pid":8207,"hostname":"MacBook-Air-pawel.local","name":"PromptService","msg":"Agentic RAG Research Iteration 1..."}
{"level":30,"time":1779303977271,"pid":8207,"hostname":"MacBook-Air-pawel.local","name":"PromptService","msg":"Agentic RAG Research estimated context: ~8346 tokens (33383 chars, 2 messages)"}
{"level":30,"time":1779303979890,"pid":8207,"hostname":"MacBook-Air-pawel.local","name":"PromptService","msg":"JokeAPI v2 safe mode parameter name safe-mode or safeMode and how to use"}
{"level":30,"time":1779303980012,"pid":8207,"hostname":"MacBook-Air-pawel.local","name":"PromptService","msg":"JokeAPI v2 blacklistFlags parameter usage only on joke endpoint flags parameter list"}
{"level":30,"time":1779303980119,"pid":8207,"hostname":"MacBook-Air-pawel.local","name":"PromptService","msg":"JokeAPI v2 /flags endpoint returns blacklist flags how to parse"}
{"level":30,"time":1779303980339,"pid":8207,"hostname":"MacBook-Air-pawel.local","name":"PromptService","msg":"JokeAPI v2 response format JSON fields error additionalInfo code internalError causedBy"}
{"level":30,"time":1779303980467,"pid":8207,"hostname":"MacBook-Air-pawel.local","name":"PromptService","msg":"Example request URL with blacklistFlags nsfw,racist,sexist,explicit and format json default response fields type joke setup delivery"}
{"level":30,"time":1779303980622,"pid":8207,"hostname":"MacBook-Air-pawel.local","name":"PromptService","msg":"Agentic RAG Research Iteration 2..."}
{"level":30,"time":1779303980622,"pid":8207,"hostname":"MacBook-Air-pawel.local","name":"PromptService","msg":"Agentic RAG Research estimated context: ~51199 tokens (204795 chars, 8 messages)"}
{"level":30,"time":1779303988654,"pid":8207,"hostname":"MacBook-Air-pawel.local","name":"PromptService","msg":"Agentic RAG Verification Phase (Smoke Testing)..."}
{"level":30,"time":1779303988654,"pid":8207,"hostname":"MacBook-Air-pawel.local","name":"PromptService","msg":"Verification Iteration 1..."}
{"level":30,"time":1779303988654,"pid":8207,"hostname":"MacBook-Air-pawel.local","name":"PromptService","msg":"Verification estimated context: ~13127 tokens (52507 chars, 2 messages)"}
{"level":30,"time":1779303992212,"pid":8207,"hostname":"MacBook-Air-pawel.local","name":"PromptService","msg":"Verification Agent Thoughts: Plan (Example 1: single joke, blacklist flags)\n- Aspect: Build a correct JokeAPI request URL for the `/joke/{categories}` endpoint and apply `?blacklistFlags=nsfw,racist,sexist,explicit` at request time.\n- Functions used: Use standard `fetch` (HTTP GET) and parse the JSON response; documentation specifies the endpoint and that blacklist flags are applied via the `blacklistFlags` query parameter.\n- Expected behavior: The program fetches one “single” joke (or multiple if we request amount), parses `type`, and prints the joke text while ensuring we requested those flags to be blacklisted.\n\nNow I’ll write and run the code."}
{"level":30,"time":1779303993187,"pid":8207,"hostname":"MacBook-Air-pawel.local","name":"PromptService","msg":"Verification Iteration 2..."}
{"level":30,"time":1779303993187,"pid":8207,"hostname":"MacBook-Air-pawel.local","name":"PromptService","msg":"Verification estimated context: ~13510 tokens (54040 chars, 4 messages)"}
{"level":30,"time":1779303997661,"pid":8207,"hostname":"MacBook-Air-pawel.local","name":"PromptService","msg":"Verification Agent Thoughts: Plan (Example 2: amount=2, verify parsing for single/twopart)\n- Aspect: Use `amount=2` so response includes a `jokes` array; still apply `blacklistFlags` so unsafe content is filtered.\n- Functions used: HTTP GET + JSON parsing; documentation states that when `amount=2` or more, format changes to include `jokes`.\n- Expected behavior: Prints `type` and either `joke` or `setup`/`delivery` for each returned item.\n\n"}
{"level":30,"time":1779303998636,"pid":8207,"hostname":"MacBook-Air-pawel.local","name":"PromptService","msg":"Verification Iteration 3..."}
{"level":30,"time":1779303998636,"pid":8207,"hostname":"MacBook-Air-pawel.local","name":"PromptService","msg":"Verification estimated context: ~13885 tokens (55539 chars, 6 messages)"}
{"level":30,"time":1779304002180,"pid":8207,"hostname":"MacBook-Air-pawel.local","name":"PromptService","msg":"Verification Agent Thoughts: Plan (Example 3: request XML format while still applying blacklist flags)\n- Aspect: Demonstrate `?format` works with blacklist flags (request-time safety filter remains `blacklistFlags=...`).\n- Functions used: HTTP GET, request `format=xml`, parse by checking that response includes `<joke>` or `<setup>/<delivery>`. (We won’t use try/catch; if request fails, program errors.)\n- Expected behavior: Response is XML text; we confirm it contains `<flags>` entries and print the raw XML snippet.\n\n"}
{"level":30,"time":1779304003095,"pid":8207,"hostname":"MacBook-Air-pawel.local","name":"PromptService","msg":"Verification Iteration 4..."}
{"level":30,"time":1779304003095,"pid":8207,"hostname":"MacBook-Air-pawel.local","name":"PromptService","msg":"Verification estimated context: ~14386 tokens (57542 chars, 8 messages)"}
{"level":30,"time":1779304006778,"pid":8207,"hostname":"MacBook-Air-pawel.local","name":"PromptService","msg":"Verification Agent Thoughts: Fix after failure (Example 3)\n- Error: my check looked for `<error>`/`<message>` tags; XML contains `<error>false</error>` which triggered the false positive.\n- MISSING DOCS: none. The docs don’t specify XML wrapper tags; I used an incorrect condition. I’ll adjust to check for `<error>true</error>` instead and re-test.\n\n"}
{"level":30,"time":1779304007685,"pid":8207,"hostname":"MacBook-Air-pawel.local","name":"PromptService","msg":"Verification Iteration 5..."}
{"level":30,"time":1779304007685,"pid":8207,"hostname":"MacBook-Air-pawel.local","name":"PromptService","msg":"Verification estimated context: ~14722 tokens (58885 chars, 10 messages)"}
{"level":30,"time":1779304008455,"pid":8207,"hostname":"MacBook-Air-pawel.local","name":"PromptService","msg":"Agentic RAG Generation Phase..."}
{"level":30,"time":1779304018817,"pid":8207,"hostname":"MacBook-Air-pawel.local","name":"Executor","msg":"Executing generated example 1: JokeAPI single joke with blacklistFlags (nsfw,racist,sexist,explicit)"}
{"level":30,"time":1779304024754,"pid":8207,"hostname":"MacBook-Air-pawel.local","name":"Executor","msg":"Executing generated example 2: JokeAPI multiple jokes (amount=2) with blacklistFlags and response parsing"}
{"level":30,"time":1779304031270,"pid":8207,"hostname":"MacBook-Air-pawel.local","name":"Executor","msg":"Executing generated example 3: JokeAPI XML format with blacklistFlags (format=xml)"}
